  █  ▄▀  ▀█▀  ▀▀█▀▀  │  bootstrap
  █▀▀▄    █     █    │  Some-MacBook
  █   █  ▄█▄    █    │  Thu 8 Oct · 18:02

  POWER-ON SELF-TEST
  [ OK ] Apple M1 Max  10 cores
  [ OK ] Network  github.com · 41 ms

--- waiting
  BOOT ORDER
  [    ] GitHub  on your phone
  [    ] This Mac
  [    ] Password  once
  [    ] Homebrew

  esc stop
--- the code
  BOOT ORDER
  [ ** ] GitHub  waiting for your phone
         enter  WDJB-MJHT  at github.com/login/device · 14:21 left
  [    ] This Mac
  [    ] Password  once
  [    ] Homebrew

  enter QR code · esc stop
--- a question
  BOOT ORDER
  [ OK ] GitHub  someone · kit-config has laptop and studio
  [ !! ] This Mac  which of your Macs is this?
           laptop  MacBook, the primary
         ❯ studio
  [    ] Password  once
  [    ] Homebrew

  ↑↓ choose · enter decide · esc stop
--- at work
  BOOT ORDER
  [ OK ] GitHub  someone · kit-config has laptop and studio
  [ OK ] This Mac  studio
  [FAIL] Password  sudo refused the password
         → run kit bootstrap again
  [ ** ] Homebrew  installing · 2m14s
         ==> Installing Command Line Tools

  esc stop
