--- signing in
  SIGN IN
  This Mac is set up from your kit-config, a private repository on GitHub.
  Sign in to GitHub, and kit fetches it.

  enter with your phone · s here, in Safari · esc stop
--- signed in, a question
  SIGN IN
  [ OK ] GitHub  someone · kit-config has laptop and studio

  BOOT ORDER
  [ !! ] This Mac  which of your Macs is this?
           laptop  MacBook, the primary
         ❯ studio
  [    ] Password  once
  [    ] Homebrew

  ↑↓ choose · enter decide · esc stop
--- at work
  SIGN IN
  [ OK ] GitHub  someone · kit-config has laptop and studio

  BOOT ORDER
  [ OK ] This Mac  studio
  [FAIL] Password  sudo refused the password
         → run kit bootstrap again
  [*   ] Homebrew  installing · 2m14s
         ==> Installing Command Line Tools

  esc stop
