
  ██╗  ██╗ ██╗ ████████╗
  ██║ ██╔╝ ██║ ╚══██╔══╝
  █████╔╝  ██║    ██║
  ██╔═██╗  ██║    ██║
  ██║  ██╗ ██║    ██║
  ╚═╝  ╚═╝ ╚═╝    ╚═╝   status · laptop · 03:04

    ✓  Homebrew     /opt/homebrew
    !  Formulae     6 declared, 4 installed
         · jq               missing
         · owner/tap/tool   missing
         · ffmpeg           not declared
         · node@20          unused dependency
    ✓  Casks        3 declared, all installed
    ✗  kit-config   couldn't check: gh repo view exited 1: not signed in
    ·  App Store    deferred: needs Homebrew

  ──────────────────────────────────────────────────────────────────────────
    ✗  1 needs attention, 1 couldn't be checked, 1 deferred

