
  ██╗  ██╗ ██╗ ████████╗
  ██║ ██╔╝ ██║ ╚══██╔══╝
  █████╔╝  ██║    ██║
  ██╔═██╗  ██║    ██║
  ██║  ██╗ ██║    ██║
  ╚═╝  ╚═╝ ╚═╝    ╚═╝   status · laptop

    !  Formulae   3 declared, all installed
         · ffmpeg   not declared
         · hello    not declared · new
         · wget     not declared · snoozed
         · cowsay   not declared · temporary

  ──────────────────────────────────────────────────────────────────────────
    !  1 needs attention

