
  █  ▄▀  ▀█▀  ▀▀█▀▀  │  status
  █▀▀▄    █     █    │  laptop
  █   █  ▄█▄    █    │  Mon 1 Jan · 00:00

  CONFIG
  ▲ alpha  installed, not declared
    → kit reconcile
  ▲ bravo  installed, not declared
    → kit reconcile
  ▲ charlie  installed, not declared
    → kit reconcile
  ▲ delta  installed, not declared
    → kit reconcile
  ▲ echo  installed, not declared
    → kit reconcile
  ▲ foxtrot  installed, not declared
    → kit reconcile
  ▲ golf  installed, not declared
    → kit reconcile
  ▲ hotel  installed, not declared
    → kit reconcile
  ▲ india  installed, not declared
    → kit reconcile
  ▲ juliett  installed, not declared
    → kit reconcile
  ● Packages  0 installed

  1 needs you · 0 fine · 0.0s
