[1mkit status[m[2m · laptop[m

[32m✓[m Homebrew     /opt/homebrew
[33m![m Formulae     6 declared, 4 installed
               [33m2 missing:[m jq, owner/tap/tool
               [33m1 not declared:[m ffmpeg
               [33m1 unused dependency:[m node@20
[32m✓[m Casks        3 declared, all installed
[31m✗[m kit-config   [31mcouldn't check: gh repo view exited 1: not signed in[m
[2m·[m App Store    [2mdeferred: needs Homebrew[m

[33m1 needs attention, 1 couldn't be checked, 1 deferred[m
