
  █  ▄▀  ▀█▀  ▀▀█▀▀  │  apply
  █▀▀▄    █     █    │  laptop
  █   █  ▄█▄    █    │  Fri 2 Jan · 03:04

  ● MAC 1   ▲ CONFIG   ● STEPS 1

  CONFIG
  ● jq  installed
  ● ripgrep  installed
  ▲ ghostty  declared, not installed · → kit apply
  ▲ zoom  declared, not installed · needs an administrator's password
    → kit apply

  STEPS
  ● fonts  applied · 16 installed

  ▮▮▮▮  1 needs you · 3 done · 4.2s
