
  ██╗  ██╗ ██╗ ████████╗
  ██║ ██╔╝ ██║ ╚══██╔══╝
  █████╔╝  ██║    ██║
  ██╔═██╗  ██║    ██║
  ██║  ██╗ ██║    ██║
  ╚═╝  ╚═╝ ╚═╝    ╚═╝   status · studio

    ✓  Formulae   2 declared, all installed

  ──────────────────────────────────────────────────────────────────────────
    ✓  Nothing needs attention

