
  ██╗  ██╗ ██╗ ████████╗
  ██║ ██╔╝ ██║ ╚══██╔══╝
  █████╔╝  ██║    ██║
  ██╔═██╗  ██║    ██║
  ██║  ██╗ ██║    ██║
  ╚═╝  ╚═╝ ╚═╝    ╚═╝   status · laptop

    !  Formulae   10 not declared
         · alpha     not declared
         · bravo     not declared
         · charlie   not declared
         · delta     not declared
         · echo      not declared
         · foxtrot   not declared
         … and 4 more

  ────────────────────────────────────────────────
    !  1 needs attention

