
  ██╗  ██╗ ██╗ ████████╗
  ██║ ██╔╝ ██║ ╚══██╔══╝
  █████╔╝  ██║    ██║
  ██╔═██╗  ██║    ██║
  ██║  ██╗ ██║    ██║
  ╚═╝  ╚═╝ ╚═╝    ╚═╝   apply · laptop

    ✓  Formulae   3 declared, all installed
         · jq        installed
         · ripgrep   installed
    !  Casks      2 declared, 0 installed
         · ghostty   missing · to install
         · zoom      missing · needs an administrator's password

  ──────────────────────────────────────────────────────────────────────────
    !  1 needs attention

